// Jest Snapshot v1, https://goo.gl/fbAQLP

exports[`renders ./components/checkbox/demo/basic.md correctly 1`] = `
<label
  class="ant-checkbox-wrapper"
>
  <span
    class="ant-checkbox"
  >
    <input
      class="ant-checkbox-input"
      type="checkbox"
    />
    <span
      class="ant-checkbox-inner"
    />
  </span>
  <span>
    Checkbox
  </span>
</label>
`;
